=== AWF Run Log ===
version: 0.2.0
started: 2026-09-07T17:46:13.425Z
project: /Users/shangjunhao/Project/ai-workflow/ai-workflow/cc-control-wt/cc-control

────────────────────────────────────────────────────────────
[17:46:16] 提示词
上下文检查（依据 code-context-onboard 技能规则，只做判断不做任何任务工作）：
0. 当前对话上下文占用：未知（statusline 未配置，请自行估算）
1. 判断是否需要压缩（优先以第 0 行的实测值为准；无实测则按对话轮数/体积估算）：
   - 占用明显充足（明显低于窗口 ~65%），或虽接近阈值但下个任务轻量、可安全完成 → 只回复 `AWF_CONTEXT_OK`，不修改任何文件、不做任何其他操作
   - 占用已接近/超过窗口 ~65%，且下个任务仍需较多上下文 → 压缩
2. 压缩执行（四步）：
   a. 按 code-context-onboard 的 7 段快照格式生成交接快照（标识符如 UUID/路径/端口必须原样保留）
   b. 写入 `.awf/context/handoff.md`（目录不存在则创建）
   c. 调用 `awf_context_ready` 通知 CLI 快照已就绪
   d. 回复 `AWF_CONTEXT_READY`，结束本轮
3. 本轮是纯检查轮：无论如何都不要开始执行任何任务、不要调用任务相关工具。

[17:46:23] 回答
AWF_CONTEXT_OK
────────────────────────────────────────────────────────────
[17:46:23] 提示词
执行 /ai-workflow-code:w-review T2-021：审查 W2-021 范围改动并给 verdict

